The ``0-add_integer`` module
==============================
Using ``add_integer``
------------------------------
>>> add_integer = __import__("0-add_integer").add_integer
>>> add_integer(3, 4)
7
>>> add_integer(2.5, 3)
5
>>> add_integer(3)
101
>>> add_integer("hello", 6)
Traceback (most recent call last):
TypeError: a must be an integer

>>> add_integer("hello", [5.2])
Traceback (most recent call last):
TypeError: a must be an integer

>>> add_integer(7, "5.2")
Traceback (most recent call last):
TypeError: b must be an integer

>>> add_integer([2, 3, 4])
Traceback (most recent call last):
TypeError: a must be an integer

>>> add_integer(6.44444, 7.888888)
13
