>>> lazy_matrix_mul = __import__('101-lazy_matrix_mul').lazy_matrix_mul

>>> lazy_matrix_mul([[]], [[2, 3, 4]])
Traceback (most recent call last):
ValueError: shapes (1,0) and (1,3) not aligned: 0 (dim 1) != 1 (dim 0)

>>> lazy_matrix_mul([[2, 3, 4]], [[]])
Traceback (most recent call last):
ValueError: shapes (1,3) and (1,0) not aligned: 3 (dim 1) != 1 (dim 0)

>>> lazy_matrix_mul([[3, 4, 7]], [[2, 3, 4], ["hello", 4, 5.0]])
Traceback (most recent call last):
ValueError: shapes (1,3) and (2,3) not aligned: 3 (dim 1) != 2 (dim 0)

>>> lazy_matrix_mul([[2, 3, 4], ["hello", 4, 5.0]], [[3, 4, 5]])
Traceback (most recent call last):
ValueError: shapes (2,3) and (1,3) not aligned: 3 (dim 1) != 1 (dim 0)

>>> lazy_matrix_mul([[2, 3, 4], [4, 5]], [[2, 4, 6], [4, 6, 7]])
Traceback (most recent call last):
ValueError: setting an array element with a sequence. The requested array has an inhomogeneous shape after 1 dimensions. The detected shape was (2,) + inhomogeneous part.

>>> lazy_matrix_mul([[2, 4, 6], [4, 6, 7]], [[2, 3, 4], [4, 5]])
Traceback (most recent call last):
ValueError: setting an array element with a sequence. The requested array has an inhomogeneous shape after 1 dimensions. The detected shape was (2,) + inhomogeneous part.

>>> lazy_matrix_mul({2, 3, 4, 5}, [[4, 5, 6]])
Traceback (most recent call last):
TypeError: unsupported operand type(s) for *: 'set' and 'int'

>>> lazy_matrix_mul([[3, 4, 5]], "hello")
Traceback (most recent call last):
numpy.core._exceptions._UFuncNoLoopError: ufunc 'multiply' did not contain a loop with signature matching types (dtype('<U1'), dtype('<U5')) -> None

>>> lazy_matrix_mul([[3, 4, 5]], ["hello", 5, 6])
Traceback (most recent call last):
ValueError: data type must provide an itemsize

>>> lazy_matrix_mul([[23, 45, 6], [4, 5, 6]], [[2, 3, 4], [2, 4, 5]])
Traceback (most recent call last):
ValueError: shapes (2,3) and (2,3) not aligned: 3 (dim 1) != 2 (dim 0)

>>> lazy_matrix_mul([[]], [[2, 3, 4], [2, 4, 5]])
Traceback (most recent call last):
ValueError: shapes (1,0) and (2,3) not aligned: 0 (dim 1) != 2 (dim 0)

>>> lazy_matrix_mul([[1, 2], [4, 3]], [[1, 3, 4], [3, -1, 2]])
array([[ 7,  1,  8],
       [13,  9, 22]])

>>> lazy_matrix_mul([[1, 2, 4], [0, 1, 5], [2, -1, 3]], [[1, 2, 4], [0, 1, 5], [2, -1, 3]])
array([[ 9,  0, 26],
       [10, -4, 20],
       [ 8,  0, 12]])